<generatedTop>
  <common>
    <k>
      .
    </k>
    <contracts>
      Main |-> contract Main { .Decls }
    </contracts>
    <fields>
      Main |-> .Set
    </fields>
    <constructors>
      Main |-> constructor ( .VarDefs , pass )
    </constructors>
    <functions>
      .Map
    </functions>
    <types>
      address |-> modified ( SetItem ( consumable )
      SetItem ( nonfungible ) , address )
      bool |-> modified ( SetItem ( consumable )
      SetItem ( nonfungible ) , bool )
      nat |-> modified ( SetItem ( consumable )
      SetItem ( fungible ) , nat )
      string |-> modified ( SetItem ( consumable )
      SetItem ( nonfungible ) , string )
    </types>
    <freshCounter>
      0
    </freshCounter>
  </common>
  <typeEnv>
    .Map
  </typeEnv>
</generatedTop>
