<generatedTop>
  <common>
    <typeEnv>
      .Map
    </typeEnv>
    <types>
      .Map
    </types>
  </common>
  <k>
    .
  </k>
  <functions>
    .Map
  </functions>
  <lookup>
    k |-> selected ( loc ( 6 ) , loc ( 6 ) )
    m |-> selected ( loc ( 4 ) , loc ( 4 ) )
    n |-> selected ( loc ( 0 ) , loc ( 0 ) )
    newNums |-> selected ( loc ( 10 ) , loc ( 10 ) )
    nums |-> selected ( loc ( 7 ) , loc ( 7 ) )
    x |-> selected ( loc ( 2 ) , loc ( 2 ) )
  </lookup>
  <storage>
    loc ( 0 ) |-> resource ( nat , ListItem ( 1 ) )
    loc ( 1 ) |-> resource ( nat , ListItem ( 0 ) )
    loc ( 2 ) |-> resource ( nat , ListItem ( 5 ) )
    loc ( 3 ) |-> resource ( nat , ListItem ( 0 ) )
    loc ( 4 ) |-> resource ( nat , ListItem ( 0 ) )
    loc ( 5 ) |-> resource ( nat , ListItem ( 0 ) )
    loc ( 6 ) |-> resource ( nat , ListItem ( 0 ) )
    loc ( 7 ) |-> resource ( table ( .Vars ) any nat , ListItem ( loc ( 9 ) ) )
    loc ( 8 ) |-> resource ( nat , ListItem ( 4 ) )
    loc ( 9 ) |-> resource ( nat , ListItem ( 5 ) )
    loc ( 10 ) |-> resource ( table ( .Vars ) any nat , ListItem ( loc ( 12 ) ) )
    loc ( 11 ) |-> resource ( nat , ListItem ( 4 ) )
    loc ( 12 ) |-> resource ( nat , ListItem ( 4 ) )
  </storage>
  <catchStack>
    .List
  </catchStack>
</generatedTop>
