<generatedTop>
  <common>
    <typeEnv>
      .Map
    </typeEnv>
    <types>
      .Map
    </types>
  </common>
  <k>
    .
  </k>
  <functions>
    .Map
  </functions>
  <lookup>
    b |-> selected ( loc ( 0 ) , loc ( 0 ) )
    x |-> selected ( loc ( 2 ) , loc ( 2 ) )
  </lookup>
  <storage>
    loc ( 0 ) |-> resource ( bool , .List )
    loc ( 1 ) |-> resource ( bool , .List )
    loc ( 2 ) |-> resource ( table ( .Vars ) ! bool , ListItem ( loc ( 3 ) )
    ListItem ( loc ( 5 ) ) )
    loc ( 3 ) |-> resource ( bool , ListItem ( true ) )
    loc ( 4 ) |-> resource ( bool , .List )
    loc ( 5 ) |-> resource ( bool , ListItem ( true ) )
  </storage>
  <catchStack>
    .List
  </catchStack>
</generatedTop>
