<generatedTop>
  <common>
    <typeEnv>
      .Map
    </typeEnv>
    <types>
      .Map
    </types>
    <freshCounter>
      7
    </freshCounter>
  </common>
  <k>
    .
  </k>
  <functions>
    .Map
  </functions>
  <lookup>
    c |-> loc ( 0 )
    d |-> loc ( 6 )
  </lookup>
  <storage>
    loc ( 0 ) |-> resource ( table ( .Vars ) { l : ! bool , r : ! bool , .VarDefs } , ListItem ( l |-> loc ( 3 )
    r |-> loc ( 5 ) ) )
    loc ( 1 ) |-> resource ( table ( .Vars ) { l : ! bool , r : ! bool , .VarDefs } , .List )
    loc ( 2 ) |-> resource ( bool , .List )
    loc ( 3 ) |-> resource ( bool , .List )
    loc ( 4 ) |-> resource ( bool , .List )
    loc ( 5 ) |-> resource ( bool , ListItem ( false ) )
    loc ( 6 ) |-> resource ( bool , ListItem ( true ) )
  </storage>
  <catchStack>
    .List
  </catchStack>
</generatedTop>
