<generatedTop>
  <k>
    .
  </k>
  <functions>
    .Map
  </functions>
  <freshCounter>
    6
  </freshCounter>
  <lookup>
    b |-> loc ( 0 )
    x |-> loc ( 2 )
  </lookup>
  <storage>
    loc ( 0 ) |-> resource ( bool , .List )
    loc ( 1 ) |-> resource ( bool , .List )
    loc ( 2 ) |-> resource ( list ! bool , ListItem ( ListItem ( true ) )
    ListItem ( ListItem ( true ) ) )
    loc ( 3 ) |-> resource ( list ! bool , .List )
    loc ( 4 ) |-> resource ( bool , .List )
    loc ( 5 ) |-> resource ( list ! bool , .List )
  </storage>
  <catchStack>
    .List
  </catchStack>
</generatedTop>
