<generatedTop>
  <common>
    <typeEnv>
      .Map
    </typeEnv>
    <types>
      .Map
    </types>
    <functions>
      .Map
    </functions>
  </common>
  <k>
    .
  </k>
  <lookup>
    n |-> selected ( loc ( 0 ) , loc ( 0 ) )
  </lookup>
  <storage>
    loc ( 0 ) |-> resource ( nat , ListItem ( 2 ) )
    loc ( 1 ) |-> resource ( nat , ListItem ( 0 ) )
  </storage>
  <catchStack>
    .List
  </catchStack>
  <createdVals>
    .Map
  </createdVals>
</generatedTop>
