<generatedTop>
  <common>
    <typeEnv>
      .Map
    </typeEnv>
    <types>
      .Map
    </types>
    <freshCounter>
      7
    </freshCounter>
  </common>
  <k>
    .
  </k>
  <functions>
    idBool |-> transformer ( res : ! bool , a : ! bool , .VarDefs , a --> res  .Stmts )
    notBool |-> transformer ( res : ! bool , a : ! bool , .VarDefs , try { a [ ! such that idBool ( .Vars ) ] --> var y : bool  false --> res  .Stmts } catch { true --> res  .Stmts }  .Stmts )
  </functions>
  <lookup>
    b |-> loc ( 0 )
    c |-> loc ( 2 )
  </lookup>
  <storage>
    loc ( 0 ) |-> resource ( bool , .List )
    loc ( 1 ) |-> resource ( bool , .List )
    loc ( 2 ) |-> resource ( bool , ListItem ( false ) )
    loc ( 3 ) |-> resource ( bool , ListItem ( true ) )
    loc ( 6 ) |-> resource ( bool , .List )
  </storage>
  <catchStack>
    .List
  </catchStack>
</generatedTop>
